// Jest Snapshot v1, https://goo.gl/fbAQLP

exports[`Shutter should render correctly 1`] = `
<div
  className="device_n9mjiu-o_O-shutter_zf5bi4"
>
  <span>
    Office
  </span>
  <br />
  <span
    className="button_j63qv8"
    onClick={[Function]}
  >
    ⬆️
  </span>
  <br />
  <span
    className="button_j63qv8"
    onClick={[Function]}
  >
    ⬇️
  </span>
</div>
`;
