// Jest Snapshot v1, https://goo.gl/fbAQLP

exports[`LoginForm should render correctly 1`] = `
<div
  className="loginForm"
>
  <br />
  <br />
  <input
    name="apiUrl"
    placeholder="API URL"
    type="text"
  />
  <br />
  <input
    name="apiUser"
    placeholder="API User"
    type="text"
  />
  <br />
  <input
    name="apiKey"
    placeholder="API Key"
    type="password"
  />
  <br />
  <button
    onClick={[Function]}
  >
    OK
  </button>
</div>
`;
