// Jest Snapshot v1, https://goo.gl/fbAQLP

exports[`LoginForm should render correctly 1`] = `
<div
  className="loginForm_12to336"
>
  <br />
  <input
    className="input_1bqe76u"
    name="apiUrl"
    placeholder="API URL"
    type="text"
  />
  <br />
  <input
    className="input_1bqe76u"
    name="apiUser"
    placeholder="API User"
    type="text"
  />
  <br />
  <input
    className="input_1bqe76u"
    name="apiKey"
    placeholder="API Key"
    type="password"
  />
  <br />
  <div
    className="button_1f1tgwh"
    onClick={[Function]}
  >
    OK
  </div>
</div>
`;
