// Jest Snapshot v1, https://goo.gl/fbAQLP

exports[`RfOutlet should render correctly 1`] = `
<div
  className="outlet"
  onClick={[Function]}
  style={
    Object {
      "height": "200px",
    }
  }
>
  <h4>
    Fernseher
  </h4>
  <div
    className="plug"
    style={
      Object {
        "filter": "grayscale(100%) blur(5px)",
        "fontSize": 80,
        "paddingTop": "40px",
        "textAlign": "center",
        "userSelect": "none",
      }
    }
  >
    🔌
  </div>
</div>
`;
