// Jest Snapshot v1, https://goo.gl/fbAQLP

exports[`ColorSwitcher should render the rgb switcher correctly when blue is active 1`] = `
<div
  style={
    Object {
      "fontSize": 0,
    }
  }
>
  <div
    key="1-color-red"
    onClick={[Function]}
    style={
      Object {
        "border": "2px solid transparent",
        "borderRadius": "20px",
        "display": "inline-block",
      }
    }
  >
    <div
      style={
        Object {
          "backgroundColor": "red",
          "borderRadius": "15px",
          "height": "29px",
          "margin": "3px",
          "width": "29px",
        }
      }
    />
  </div>
  <div
    key="1-color-green"
    onClick={[Function]}
    style={
      Object {
        "border": "2px solid transparent",
        "borderRadius": "20px",
        "display": "inline-block",
      }
    }
  >
    <div
      style={
        Object {
          "backgroundColor": "green",
          "borderRadius": "15px",
          "height": "29px",
          "margin": "3px",
          "width": "29px",
        }
      }
    />
  </div>
  <div
    key="1-color-blue"
    onClick={[Function]}
    style={
      Object {
        "border": "2px solid transparent",
        "borderRadius": "20px",
        "display": "inline-block",
      }
    }
  >
    <div
      style={
        Object {
          "backgroundColor": "blue",
          "borderRadius": "15px",
          "height": "29px",
          "margin": "3px",
          "width": "29px",
        }
      }
    />
  </div>
  <div
    key="1-color-yellow"
    onClick={[Function]}
    style={
      Object {
        "border": "2px solid transparent",
        "borderRadius": "20px",
        "display": "inline-block",
      }
    }
  >
    <div
      style={
        Object {
          "backgroundColor": "yellow",
          "borderRadius": "15px",
          "height": "29px",
          "margin": "3px",
          "width": "29px",
        }
      }
    />
  </div>
  <div
    key="1-color-pink"
    onClick={[Function]}
    style={
      Object {
        "border": "2px solid transparent",
        "borderRadius": "20px",
        "display": "inline-block",
      }
    }
  >
    <div
      style={
        Object {
          "backgroundColor": "deeppink",
          "borderRadius": "15px",
          "height": "29px",
          "margin": "3px",
          "width": "29px",
        }
      }
    />
  </div>
  <div
    key="1-color-purple"
    onClick={[Function]}
    style={
      Object {
        "border": "2px solid transparent",
        "borderRadius": "20px",
        "display": "inline-block",
      }
    }
  >
    <div
      style={
        Object {
          "backgroundColor": "mediumpurple",
          "borderRadius": "15px",
          "height": "29px",
          "margin": "3px",
          "width": "29px",
        }
      }
    />
  </div>
  <div
    key="1-color-warm"
    onClick={[Function]}
    style={
      Object {
        "border": "2px solid transparent",
        "borderRadius": "20px",
        "display": "inline-block",
      }
    }
  >
    <div
      style={
        Object {
          "backgroundColor": "#efd275",
          "borderRadius": "15px",
          "height": "29px",
          "margin": "3px",
          "width": "29px",
        }
      }
    />
  </div>
  <div
    key="1-color-neutral"
    onClick={[Function]}
    style={
      Object {
        "border": "2px solid transparent",
        "borderRadius": "20px",
        "display": "inline-block",
      }
    }
  >
    <div
      style={
        Object {
          "backgroundColor": "#f1e0b5",
          "borderRadius": "15px",
          "height": "29px",
          "margin": "3px",
          "width": "29px",
        }
      }
    />
  </div>
  <div
    key="1-color-cold"
    onClick={[Function]}
    style={
      Object {
        "border": "2px solid transparent",
        "borderRadius": "20px",
        "display": "inline-block",
      }
    }
  >
    <div
      style={
        Object {
          "backgroundColor": "#f5faf6",
          "borderRadius": "15px",
          "height": "29px",
          "margin": "3px",
          "width": "29px",
        }
      }
    />
  </div>
</div>
`;

exports[`ColorSwitcher should render the rgb switcher correctly when cold is active 1`] = `
<div
  style={
    Object {
      "fontSize": 0,
    }
  }
>
  <div
    key="1-color-red"
    onClick={[Function]}
    style={
      Object {
        "border": "2px solid transparent",
        "borderRadius": "20px",
        "display": "inline-block",
      }
    }
  >
    <div
      style={
        Object {
          "backgroundColor": "red",
          "borderRadius": "15px",
          "height": "29px",
          "margin": "3px",
          "width": "29px",
        }
      }
    />
  </div>
  <div
    key="1-color-green"
    onClick={[Function]}
    style={
      Object {
        "border": "2px solid transparent",
        "borderRadius": "20px",
        "display": "inline-block",
      }
    }
  >
    <div
      style={
        Object {
          "backgroundColor": "green",
          "borderRadius": "15px",
          "height": "29px",
          "margin": "3px",
          "width": "29px",
        }
      }
    />
  </div>
  <div
    key="1-color-blue"
    onClick={[Function]}
    style={
      Object {
        "border": "2px solid transparent",
        "borderRadius": "20px",
        "display": "inline-block",
      }
    }
  >
    <div
      style={
        Object {
          "backgroundColor": "blue",
          "borderRadius": "15px",
          "height": "29px",
          "margin": "3px",
          "width": "29px",
        }
      }
    />
  </div>
  <div
    key="1-color-yellow"
    onClick={[Function]}
    style={
      Object {
        "border": "2px solid transparent",
        "borderRadius": "20px",
        "display": "inline-block",
      }
    }
  >
    <div
      style={
        Object {
          "backgroundColor": "yellow",
          "borderRadius": "15px",
          "height": "29px",
          "margin": "3px",
          "width": "29px",
        }
      }
    />
  </div>
  <div
    key="1-color-pink"
    onClick={[Function]}
    style={
      Object {
        "border": "2px solid transparent",
        "borderRadius": "20px",
        "display": "inline-block",
      }
    }
  >
    <div
      style={
        Object {
          "backgroundColor": "deeppink",
          "borderRadius": "15px",
          "height": "29px",
          "margin": "3px",
          "width": "29px",
        }
      }
    />
  </div>
  <div
    key="1-color-purple"
    onClick={[Function]}
    style={
      Object {
        "border": "2px solid transparent",
        "borderRadius": "20px",
        "display": "inline-block",
      }
    }
  >
    <div
      style={
        Object {
          "backgroundColor": "mediumpurple",
          "borderRadius": "15px",
          "height": "29px",
          "margin": "3px",
          "width": "29px",
        }
      }
    />
  </div>
  <div
    key="1-color-warm"
    onClick={[Function]}
    style={
      Object {
        "border": "2px solid transparent",
        "borderRadius": "20px",
        "display": "inline-block",
      }
    }
  >
    <div
      style={
        Object {
          "backgroundColor": "#efd275",
          "borderRadius": "15px",
          "height": "29px",
          "margin": "3px",
          "width": "29px",
        }
      }
    />
  </div>
  <div
    key="1-color-neutral"
    onClick={[Function]}
    style={
      Object {
        "border": "2px solid transparent",
        "borderRadius": "20px",
        "display": "inline-block",
      }
    }
  >
    <div
      style={
        Object {
          "backgroundColor": "#f1e0b5",
          "borderRadius": "15px",
          "height": "29px",
          "margin": "3px",
          "width": "29px",
        }
      }
    />
  </div>
  <div
    key="1-color-cold"
    onClick={[Function]}
    style={
      Object {
        "border": "2px solid transparent",
        "borderRadius": "20px",
        "display": "inline-block",
      }
    }
  >
    <div
      style={
        Object {
          "backgroundColor": "#f5faf6",
          "borderRadius": "15px",
          "height": "29px",
          "margin": "3px",
          "width": "29px",
        }
      }
    />
  </div>
</div>
`;

exports[`ColorSwitcher should render the rgb switcher correctly when green is active 1`] = `
<div
  style={
    Object {
      "fontSize": 0,
    }
  }
>
  <div
    key="1-color-red"
    onClick={[Function]}
    style={
      Object {
        "border": "2px solid transparent",
        "borderRadius": "20px",
        "display": "inline-block",
      }
    }
  >
    <div
      style={
        Object {
          "backgroundColor": "red",
          "borderRadius": "15px",
          "height": "29px",
          "margin": "3px",
          "width": "29px",
        }
      }
    />
  </div>
  <div
    key="1-color-green"
    onClick={[Function]}
    style={
      Object {
        "border": "2px solid transparent",
        "borderRadius": "20px",
        "display": "inline-block",
      }
    }
  >
    <div
      style={
        Object {
          "backgroundColor": "green",
          "borderRadius": "15px",
          "height": "29px",
          "margin": "3px",
          "width": "29px",
        }
      }
    />
  </div>
  <div
    key="1-color-blue"
    onClick={[Function]}
    style={
      Object {
        "border": "2px solid transparent",
        "borderRadius": "20px",
        "display": "inline-block",
      }
    }
  >
    <div
      style={
        Object {
          "backgroundColor": "blue",
          "borderRadius": "15px",
          "height": "29px",
          "margin": "3px",
          "width": "29px",
        }
      }
    />
  </div>
  <div
    key="1-color-yellow"
    onClick={[Function]}
    style={
      Object {
        "border": "2px solid transparent",
        "borderRadius": "20px",
        "display": "inline-block",
      }
    }
  >
    <div
      style={
        Object {
          "backgroundColor": "yellow",
          "borderRadius": "15px",
          "height": "29px",
          "margin": "3px",
          "width": "29px",
        }
      }
    />
  </div>
  <div
    key="1-color-pink"
    onClick={[Function]}
    style={
      Object {
        "border": "2px solid transparent",
        "borderRadius": "20px",
        "display": "inline-block",
      }
    }
  >
    <div
      style={
        Object {
          "backgroundColor": "deeppink",
          "borderRadius": "15px",
          "height": "29px",
          "margin": "3px",
          "width": "29px",
        }
      }
    />
  </div>
  <div
    key="1-color-purple"
    onClick={[Function]}
    style={
      Object {
        "border": "2px solid transparent",
        "borderRadius": "20px",
        "display": "inline-block",
      }
    }
  >
    <div
      style={
        Object {
          "backgroundColor": "mediumpurple",
          "borderRadius": "15px",
          "height": "29px",
          "margin": "3px",
          "width": "29px",
        }
      }
    />
  </div>
  <div
    key="1-color-warm"
    onClick={[Function]}
    style={
      Object {
        "border": "2px solid transparent",
        "borderRadius": "20px",
        "display": "inline-block",
      }
    }
  >
    <div
      style={
        Object {
          "backgroundColor": "#efd275",
          "borderRadius": "15px",
          "height": "29px",
          "margin": "3px",
          "width": "29px",
        }
      }
    />
  </div>
  <div
    key="1-color-neutral"
    onClick={[Function]}
    style={
      Object {
        "border": "2px solid transparent",
        "borderRadius": "20px",
        "display": "inline-block",
      }
    }
  >
    <div
      style={
        Object {
          "backgroundColor": "#f1e0b5",
          "borderRadius": "15px",
          "height": "29px",
          "margin": "3px",
          "width": "29px",
        }
      }
    />
  </div>
  <div
    key="1-color-cold"
    onClick={[Function]}
    style={
      Object {
        "border": "2px solid transparent",
        "borderRadius": "20px",
        "display": "inline-block",
      }
    }
  >
    <div
      style={
        Object {
          "backgroundColor": "#f5faf6",
          "borderRadius": "15px",
          "height": "29px",
          "margin": "3px",
          "width": "29px",
        }
      }
    />
  </div>
</div>
`;

exports[`ColorSwitcher should render the rgb switcher correctly when neutral is active 1`] = `
<div
  style={
    Object {
      "fontSize": 0,
    }
  }
>
  <div
    key="1-color-red"
    onClick={[Function]}
    style={
      Object {
        "border": "2px solid transparent",
        "borderRadius": "20px",
        "display": "inline-block",
      }
    }
  >
    <div
      style={
        Object {
          "backgroundColor": "red",
          "borderRadius": "15px",
          "height": "29px",
          "margin": "3px",
          "width": "29px",
        }
      }
    />
  </div>
  <div
    key="1-color-green"
    onClick={[Function]}
    style={
      Object {
        "border": "2px solid transparent",
        "borderRadius": "20px",
        "display": "inline-block",
      }
    }
  >
    <div
      style={
        Object {
          "backgroundColor": "green",
          "borderRadius": "15px",
          "height": "29px",
          "margin": "3px",
          "width": "29px",
        }
      }
    />
  </div>
  <div
    key="1-color-blue"
    onClick={[Function]}
    style={
      Object {
        "border": "2px solid transparent",
        "borderRadius": "20px",
        "display": "inline-block",
      }
    }
  >
    <div
      style={
        Object {
          "backgroundColor": "blue",
          "borderRadius": "15px",
          "height": "29px",
          "margin": "3px",
          "width": "29px",
        }
      }
    />
  </div>
  <div
    key="1-color-yellow"
    onClick={[Function]}
    style={
      Object {
        "border": "2px solid transparent",
        "borderRadius": "20px",
        "display": "inline-block",
      }
    }
  >
    <div
      style={
        Object {
          "backgroundColor": "yellow",
          "borderRadius": "15px",
          "height": "29px",
          "margin": "3px",
          "width": "29px",
        }
      }
    />
  </div>
  <div
    key="1-color-pink"
    onClick={[Function]}
    style={
      Object {
        "border": "2px solid transparent",
        "borderRadius": "20px",
        "display": "inline-block",
      }
    }
  >
    <div
      style={
        Object {
          "backgroundColor": "deeppink",
          "borderRadius": "15px",
          "height": "29px",
          "margin": "3px",
          "width": "29px",
        }
      }
    />
  </div>
  <div
    key="1-color-purple"
    onClick={[Function]}
    style={
      Object {
        "border": "2px solid transparent",
        "borderRadius": "20px",
        "display": "inline-block",
      }
    }
  >
    <div
      style={
        Object {
          "backgroundColor": "mediumpurple",
          "borderRadius": "15px",
          "height": "29px",
          "margin": "3px",
          "width": "29px",
        }
      }
    />
  </div>
  <div
    key="1-color-warm"
    onClick={[Function]}
    style={
      Object {
        "border": "2px solid transparent",
        "borderRadius": "20px",
        "display": "inline-block",
      }
    }
  >
    <div
      style={
        Object {
          "backgroundColor": "#efd275",
          "borderRadius": "15px",
          "height": "29px",
          "margin": "3px",
          "width": "29px",
        }
      }
    />
  </div>
  <div
    key="1-color-neutral"
    onClick={[Function]}
    style={
      Object {
        "border": "2px solid transparent",
        "borderRadius": "20px",
        "display": "inline-block",
      }
    }
  >
    <div
      style={
        Object {
          "backgroundColor": "#f1e0b5",
          "borderRadius": "15px",
          "height": "29px",
          "margin": "3px",
          "width": "29px",
        }
      }
    />
  </div>
  <div
    key="1-color-cold"
    onClick={[Function]}
    style={
      Object {
        "border": "2px solid transparent",
        "borderRadius": "20px",
        "display": "inline-block",
      }
    }
  >
    <div
      style={
        Object {
          "backgroundColor": "#f5faf6",
          "borderRadius": "15px",
          "height": "29px",
          "margin": "3px",
          "width": "29px",
        }
      }
    />
  </div>
</div>
`;

exports[`ColorSwitcher should render the rgb switcher correctly when pink is active 1`] = `
<div
  style={
    Object {
      "fontSize": 0,
    }
  }
>
  <div
    key="1-color-red"
    onClick={[Function]}
    style={
      Object {
        "border": "2px solid transparent",
        "borderRadius": "20px",
        "display": "inline-block",
      }
    }
  >
    <div
      style={
        Object {
          "backgroundColor": "red",
          "borderRadius": "15px",
          "height": "29px",
          "margin": "3px",
          "width": "29px",
        }
      }
    />
  </div>
  <div
    key="1-color-green"
    onClick={[Function]}
    style={
      Object {
        "border": "2px solid transparent",
        "borderRadius": "20px",
        "display": "inline-block",
      }
    }
  >
    <div
      style={
        Object {
          "backgroundColor": "green",
          "borderRadius": "15px",
          "height": "29px",
          "margin": "3px",
          "width": "29px",
        }
      }
    />
  </div>
  <div
    key="1-color-blue"
    onClick={[Function]}
    style={
      Object {
        "border": "2px solid transparent",
        "borderRadius": "20px",
        "display": "inline-block",
      }
    }
  >
    <div
      style={
        Object {
          "backgroundColor": "blue",
          "borderRadius": "15px",
          "height": "29px",
          "margin": "3px",
          "width": "29px",
        }
      }
    />
  </div>
  <div
    key="1-color-yellow"
    onClick={[Function]}
    style={
      Object {
        "border": "2px solid transparent",
        "borderRadius": "20px",
        "display": "inline-block",
      }
    }
  >
    <div
      style={
        Object {
          "backgroundColor": "yellow",
          "borderRadius": "15px",
          "height": "29px",
          "margin": "3px",
          "width": "29px",
        }
      }
    />
  </div>
  <div
    key="1-color-pink"
    onClick={[Function]}
    style={
      Object {
        "border": "2px solid transparent",
        "borderRadius": "20px",
        "display": "inline-block",
      }
    }
  >
    <div
      style={
        Object {
          "backgroundColor": "deeppink",
          "borderRadius": "15px",
          "height": "29px",
          "margin": "3px",
          "width": "29px",
        }
      }
    />
  </div>
  <div
    key="1-color-purple"
    onClick={[Function]}
    style={
      Object {
        "border": "2px solid transparent",
        "borderRadius": "20px",
        "display": "inline-block",
      }
    }
  >
    <div
      style={
        Object {
          "backgroundColor": "mediumpurple",
          "borderRadius": "15px",
          "height": "29px",
          "margin": "3px",
          "width": "29px",
        }
      }
    />
  </div>
  <div
    key="1-color-warm"
    onClick={[Function]}
    style={
      Object {
        "border": "2px solid transparent",
        "borderRadius": "20px",
        "display": "inline-block",
      }
    }
  >
    <div
      style={
        Object {
          "backgroundColor": "#efd275",
          "borderRadius": "15px",
          "height": "29px",
          "margin": "3px",
          "width": "29px",
        }
      }
    />
  </div>
  <div
    key="1-color-neutral"
    onClick={[Function]}
    style={
      Object {
        "border": "2px solid transparent",
        "borderRadius": "20px",
        "display": "inline-block",
      }
    }
  >
    <div
      style={
        Object {
          "backgroundColor": "#f1e0b5",
          "borderRadius": "15px",
          "height": "29px",
          "margin": "3px",
          "width": "29px",
        }
      }
    />
  </div>
  <div
    key="1-color-cold"
    onClick={[Function]}
    style={
      Object {
        "border": "2px solid transparent",
        "borderRadius": "20px",
        "display": "inline-block",
      }
    }
  >
    <div
      style={
        Object {
          "backgroundColor": "#f5faf6",
          "borderRadius": "15px",
          "height": "29px",
          "margin": "3px",
          "width": "29px",
        }
      }
    />
  </div>
</div>
`;

exports[`ColorSwitcher should render the rgb switcher correctly when purple is active 1`] = `
<div
  style={
    Object {
      "fontSize": 0,
    }
  }
>
  <div
    key="1-color-red"
    onClick={[Function]}
    style={
      Object {
        "border": "2px solid transparent",
        "borderRadius": "20px",
        "display": "inline-block",
      }
    }
  >
    <div
      style={
        Object {
          "backgroundColor": "red",
          "borderRadius": "15px",
          "height": "29px",
          "margin": "3px",
          "width": "29px",
        }
      }
    />
  </div>
  <div
    key="1-color-green"
    onClick={[Function]}
    style={
      Object {
        "border": "2px solid transparent",
        "borderRadius": "20px",
        "display": "inline-block",
      }
    }
  >
    <div
      style={
        Object {
          "backgroundColor": "green",
          "borderRadius": "15px",
          "height": "29px",
          "margin": "3px",
          "width": "29px",
        }
      }
    />
  </div>
  <div
    key="1-color-blue"
    onClick={[Function]}
    style={
      Object {
        "border": "2px solid transparent",
        "borderRadius": "20px",
        "display": "inline-block",
      }
    }
  >
    <div
      style={
        Object {
          "backgroundColor": "blue",
          "borderRadius": "15px",
          "height": "29px",
          "margin": "3px",
          "width": "29px",
        }
      }
    />
  </div>
  <div
    key="1-color-yellow"
    onClick={[Function]}
    style={
      Object {
        "border": "2px solid transparent",
        "borderRadius": "20px",
        "display": "inline-block",
      }
    }
  >
    <div
      style={
        Object {
          "backgroundColor": "yellow",
          "borderRadius": "15px",
          "height": "29px",
          "margin": "3px",
          "width": "29px",
        }
      }
    />
  </div>
  <div
    key="1-color-pink"
    onClick={[Function]}
    style={
      Object {
        "border": "2px solid transparent",
        "borderRadius": "20px",
        "display": "inline-block",
      }
    }
  >
    <div
      style={
        Object {
          "backgroundColor": "deeppink",
          "borderRadius": "15px",
          "height": "29px",
          "margin": "3px",
          "width": "29px",
        }
      }
    />
  </div>
  <div
    key="1-color-purple"
    onClick={[Function]}
    style={
      Object {
        "border": "2px solid transparent",
        "borderRadius": "20px",
        "display": "inline-block",
      }
    }
  >
    <div
      style={
        Object {
          "backgroundColor": "mediumpurple",
          "borderRadius": "15px",
          "height": "29px",
          "margin": "3px",
          "width": "29px",
        }
      }
    />
  </div>
  <div
    key="1-color-warm"
    onClick={[Function]}
    style={
      Object {
        "border": "2px solid transparent",
        "borderRadius": "20px",
        "display": "inline-block",
      }
    }
  >
    <div
      style={
        Object {
          "backgroundColor": "#efd275",
          "borderRadius": "15px",
          "height": "29px",
          "margin": "3px",
          "width": "29px",
        }
      }
    />
  </div>
  <div
    key="1-color-neutral"
    onClick={[Function]}
    style={
      Object {
        "border": "2px solid transparent",
        "borderRadius": "20px",
        "display": "inline-block",
      }
    }
  >
    <div
      style={
        Object {
          "backgroundColor": "#f1e0b5",
          "borderRadius": "15px",
          "height": "29px",
          "margin": "3px",
          "width": "29px",
        }
      }
    />
  </div>
  <div
    key="1-color-cold"
    onClick={[Function]}
    style={
      Object {
        "border": "2px solid transparent",
        "borderRadius": "20px",
        "display": "inline-block",
      }
    }
  >
    <div
      style={
        Object {
          "backgroundColor": "#f5faf6",
          "borderRadius": "15px",
          "height": "29px",
          "margin": "3px",
          "width": "29px",
        }
      }
    />
  </div>
</div>
`;

exports[`ColorSwitcher should render the rgb switcher correctly when red is active 1`] = `
<div
  style={
    Object {
      "fontSize": 0,
    }
  }
>
  <div
    key="1-color-red"
    onClick={[Function]}
    style={
      Object {
        "border": "2px solid transparent",
        "borderRadius": "20px",
        "display": "inline-block",
      }
    }
  >
    <div
      style={
        Object {
          "backgroundColor": "red",
          "borderRadius": "15px",
          "height": "29px",
          "margin": "3px",
          "width": "29px",
        }
      }
    />
  </div>
  <div
    key="1-color-green"
    onClick={[Function]}
    style={
      Object {
        "border": "2px solid transparent",
        "borderRadius": "20px",
        "display": "inline-block",
      }
    }
  >
    <div
      style={
        Object {
          "backgroundColor": "green",
          "borderRadius": "15px",
          "height": "29px",
          "margin": "3px",
          "width": "29px",
        }
      }
    />
  </div>
  <div
    key="1-color-blue"
    onClick={[Function]}
    style={
      Object {
        "border": "2px solid transparent",
        "borderRadius": "20px",
        "display": "inline-block",
      }
    }
  >
    <div
      style={
        Object {
          "backgroundColor": "blue",
          "borderRadius": "15px",
          "height": "29px",
          "margin": "3px",
          "width": "29px",
        }
      }
    />
  </div>
  <div
    key="1-color-yellow"
    onClick={[Function]}
    style={
      Object {
        "border": "2px solid transparent",
        "borderRadius": "20px",
        "display": "inline-block",
      }
    }
  >
    <div
      style={
        Object {
          "backgroundColor": "yellow",
          "borderRadius": "15px",
          "height": "29px",
          "margin": "3px",
          "width": "29px",
        }
      }
    />
  </div>
  <div
    key="1-color-pink"
    onClick={[Function]}
    style={
      Object {
        "border": "2px solid transparent",
        "borderRadius": "20px",
        "display": "inline-block",
      }
    }
  >
    <div
      style={
        Object {
          "backgroundColor": "deeppink",
          "borderRadius": "15px",
          "height": "29px",
          "margin": "3px",
          "width": "29px",
        }
      }
    />
  </div>
  <div
    key="1-color-purple"
    onClick={[Function]}
    style={
      Object {
        "border": "2px solid transparent",
        "borderRadius": "20px",
        "display": "inline-block",
      }
    }
  >
    <div
      style={
        Object {
          "backgroundColor": "mediumpurple",
          "borderRadius": "15px",
          "height": "29px",
          "margin": "3px",
          "width": "29px",
        }
      }
    />
  </div>
  <div
    key="1-color-warm"
    onClick={[Function]}
    style={
      Object {
        "border": "2px solid transparent",
        "borderRadius": "20px",
        "display": "inline-block",
      }
    }
  >
    <div
      style={
        Object {
          "backgroundColor": "#efd275",
          "borderRadius": "15px",
          "height": "29px",
          "margin": "3px",
          "width": "29px",
        }
      }
    />
  </div>
  <div
    key="1-color-neutral"
    onClick={[Function]}
    style={
      Object {
        "border": "2px solid transparent",
        "borderRadius": "20px",
        "display": "inline-block",
      }
    }
  >
    <div
      style={
        Object {
          "backgroundColor": "#f1e0b5",
          "borderRadius": "15px",
          "height": "29px",
          "margin": "3px",
          "width": "29px",
        }
      }
    />
  </div>
  <div
    key="1-color-cold"
    onClick={[Function]}
    style={
      Object {
        "border": "2px solid transparent",
        "borderRadius": "20px",
        "display": "inline-block",
      }
    }
  >
    <div
      style={
        Object {
          "backgroundColor": "#f5faf6",
          "borderRadius": "15px",
          "height": "29px",
          "margin": "3px",
          "width": "29px",
        }
      }
    />
  </div>
</div>
`;

exports[`ColorSwitcher should render the rgb switcher correctly when warm is active 1`] = `
<div
  style={
    Object {
      "fontSize": 0,
    }
  }
>
  <div
    key="1-color-red"
    onClick={[Function]}
    style={
      Object {
        "border": "2px solid transparent",
        "borderRadius": "20px",
        "display": "inline-block",
      }
    }
  >
    <div
      style={
        Object {
          "backgroundColor": "red",
          "borderRadius": "15px",
          "height": "29px",
          "margin": "3px",
          "width": "29px",
        }
      }
    />
  </div>
  <div
    key="1-color-green"
    onClick={[Function]}
    style={
      Object {
        "border": "2px solid transparent",
        "borderRadius": "20px",
        "display": "inline-block",
      }
    }
  >
    <div
      style={
        Object {
          "backgroundColor": "green",
          "borderRadius": "15px",
          "height": "29px",
          "margin": "3px",
          "width": "29px",
        }
      }
    />
  </div>
  <div
    key="1-color-blue"
    onClick={[Function]}
    style={
      Object {
        "border": "2px solid transparent",
        "borderRadius": "20px",
        "display": "inline-block",
      }
    }
  >
    <div
      style={
        Object {
          "backgroundColor": "blue",
          "borderRadius": "15px",
          "height": "29px",
          "margin": "3px",
          "width": "29px",
        }
      }
    />
  </div>
  <div
    key="1-color-yellow"
    onClick={[Function]}
    style={
      Object {
        "border": "2px solid transparent",
        "borderRadius": "20px",
        "display": "inline-block",
      }
    }
  >
    <div
      style={
        Object {
          "backgroundColor": "yellow",
          "borderRadius": "15px",
          "height": "29px",
          "margin": "3px",
          "width": "29px",
        }
      }
    />
  </div>
  <div
    key="1-color-pink"
    onClick={[Function]}
    style={
      Object {
        "border": "2px solid transparent",
        "borderRadius": "20px",
        "display": "inline-block",
      }
    }
  >
    <div
      style={
        Object {
          "backgroundColor": "deeppink",
          "borderRadius": "15px",
          "height": "29px",
          "margin": "3px",
          "width": "29px",
        }
      }
    />
  </div>
  <div
    key="1-color-purple"
    onClick={[Function]}
    style={
      Object {
        "border": "2px solid transparent",
        "borderRadius": "20px",
        "display": "inline-block",
      }
    }
  >
    <div
      style={
        Object {
          "backgroundColor": "mediumpurple",
          "borderRadius": "15px",
          "height": "29px",
          "margin": "3px",
          "width": "29px",
        }
      }
    />
  </div>
  <div
    key="1-color-warm"
    onClick={[Function]}
    style={
      Object {
        "border": "2px solid transparent",
        "borderRadius": "20px",
        "display": "inline-block",
      }
    }
  >
    <div
      style={
        Object {
          "backgroundColor": "#efd275",
          "borderRadius": "15px",
          "height": "29px",
          "margin": "3px",
          "width": "29px",
        }
      }
    />
  </div>
  <div
    key="1-color-neutral"
    onClick={[Function]}
    style={
      Object {
        "border": "2px solid transparent",
        "borderRadius": "20px",
        "display": "inline-block",
      }
    }
  >
    <div
      style={
        Object {
          "backgroundColor": "#f1e0b5",
          "borderRadius": "15px",
          "height": "29px",
          "margin": "3px",
          "width": "29px",
        }
      }
    />
  </div>
  <div
    key="1-color-cold"
    onClick={[Function]}
    style={
      Object {
        "border": "2px solid transparent",
        "borderRadius": "20px",
        "display": "inline-block",
      }
    }
  >
    <div
      style={
        Object {
          "backgroundColor": "#f5faf6",
          "borderRadius": "15px",
          "height": "29px",
          "margin": "3px",
          "width": "29px",
        }
      }
    />
  </div>
</div>
`;

exports[`ColorSwitcher should render the rgb switcher correctly when yellow is active 1`] = `
<div
  style={
    Object {
      "fontSize": 0,
    }
  }
>
  <div
    key="1-color-red"
    onClick={[Function]}
    style={
      Object {
        "border": "2px solid transparent",
        "borderRadius": "20px",
        "display": "inline-block",
      }
    }
  >
    <div
      style={
        Object {
          "backgroundColor": "red",
          "borderRadius": "15px",
          "height": "29px",
          "margin": "3px",
          "width": "29px",
        }
      }
    />
  </div>
  <div
    key="1-color-green"
    onClick={[Function]}
    style={
      Object {
        "border": "2px solid transparent",
        "borderRadius": "20px",
        "display": "inline-block",
      }
    }
  >
    <div
      style={
        Object {
          "backgroundColor": "green",
          "borderRadius": "15px",
          "height": "29px",
          "margin": "3px",
          "width": "29px",
        }
      }
    />
  </div>
  <div
    key="1-color-blue"
    onClick={[Function]}
    style={
      Object {
        "border": "2px solid transparent",
        "borderRadius": "20px",
        "display": "inline-block",
      }
    }
  >
    <div
      style={
        Object {
          "backgroundColor": "blue",
          "borderRadius": "15px",
          "height": "29px",
          "margin": "3px",
          "width": "29px",
        }
      }
    />
  </div>
  <div
    key="1-color-yellow"
    onClick={[Function]}
    style={
      Object {
        "border": "2px solid transparent",
        "borderRadius": "20px",
        "display": "inline-block",
      }
    }
  >
    <div
      style={
        Object {
          "backgroundColor": "yellow",
          "borderRadius": "15px",
          "height": "29px",
          "margin": "3px",
          "width": "29px",
        }
      }
    />
  </div>
  <div
    key="1-color-pink"
    onClick={[Function]}
    style={
      Object {
        "border": "2px solid transparent",
        "borderRadius": "20px",
        "display": "inline-block",
      }
    }
  >
    <div
      style={
        Object {
          "backgroundColor": "deeppink",
          "borderRadius": "15px",
          "height": "29px",
          "margin": "3px",
          "width": "29px",
        }
      }
    />
  </div>
  <div
    key="1-color-purple"
    onClick={[Function]}
    style={
      Object {
        "border": "2px solid transparent",
        "borderRadius": "20px",
        "display": "inline-block",
      }
    }
  >
    <div
      style={
        Object {
          "backgroundColor": "mediumpurple",
          "borderRadius": "15px",
          "height": "29px",
          "margin": "3px",
          "width": "29px",
        }
      }
    />
  </div>
  <div
    key="1-color-warm"
    onClick={[Function]}
    style={
      Object {
        "border": "2px solid transparent",
        "borderRadius": "20px",
        "display": "inline-block",
      }
    }
  >
    <div
      style={
        Object {
          "backgroundColor": "#efd275",
          "borderRadius": "15px",
          "height": "29px",
          "margin": "3px",
          "width": "29px",
        }
      }
    />
  </div>
  <div
    key="1-color-neutral"
    onClick={[Function]}
    style={
      Object {
        "border": "2px solid transparent",
        "borderRadius": "20px",
        "display": "inline-block",
      }
    }
  >
    <div
      style={
        Object {
          "backgroundColor": "#f1e0b5",
          "borderRadius": "15px",
          "height": "29px",
          "margin": "3px",
          "width": "29px",
        }
      }
    />
  </div>
  <div
    key="1-color-cold"
    onClick={[Function]}
    style={
      Object {
        "border": "2px solid transparent",
        "borderRadius": "20px",
        "display": "inline-block",
      }
    }
  >
    <div
      style={
        Object {
          "backgroundColor": "#f5faf6",
          "borderRadius": "15px",
          "height": "29px",
          "margin": "3px",
          "width": "29px",
        }
      }
    />
  </div>
</div>
`;

exports[`ColorSwitcher should render the white switcher correctly 1`] = `
<div
  style={
    Object {
      "fontSize": 0,
    }
  }
>
  <div
    key="1-color-neutral"
    onClick={[Function]}
    style={
      Object {
        "border": "2px solid transparent",
        "borderRadius": "20px",
        "display": "inline-block",
      }
    }
  >
    <div
      style={
        Object {
          "backgroundColor": "#f1e0b5",
          "borderRadius": "15px",
          "height": "29px",
          "margin": "3px",
          "width": "29px",
        }
      }
    />
  </div>
</div>
`;

exports[`ColorSwitcher should render the white-spectrum switcher correctly when cold is active 1`] = `
<div
  style={
    Object {
      "fontSize": 0,
    }
  }
>
  <div
    key="1-color-warm"
    onClick={[Function]}
    style={
      Object {
        "border": "2px solid transparent",
        "borderRadius": "20px",
        "display": "inline-block",
      }
    }
  >
    <div
      style={
        Object {
          "backgroundColor": "#efd275",
          "borderRadius": "15px",
          "height": "29px",
          "margin": "3px",
          "width": "29px",
        }
      }
    />
  </div>
  <div
    key="1-color-neutral"
    onClick={[Function]}
    style={
      Object {
        "border": "2px solid transparent",
        "borderRadius": "20px",
        "display": "inline-block",
      }
    }
  >
    <div
      style={
        Object {
          "backgroundColor": "#f1e0b5",
          "borderRadius": "15px",
          "height": "29px",
          "margin": "3px",
          "width": "29px",
        }
      }
    />
  </div>
  <div
    key="1-color-cold"
    onClick={[Function]}
    style={
      Object {
        "border": "2px solid transparent",
        "borderRadius": "20px",
        "display": "inline-block",
      }
    }
  >
    <div
      style={
        Object {
          "backgroundColor": "#f5faf6",
          "borderRadius": "15px",
          "height": "29px",
          "margin": "3px",
          "width": "29px",
        }
      }
    />
  </div>
</div>
`;

exports[`ColorSwitcher should render the white-spectrum switcher correctly when neutral is active 1`] = `
<div
  style={
    Object {
      "fontSize": 0,
    }
  }
>
  <div
    key="1-color-warm"
    onClick={[Function]}
    style={
      Object {
        "border": "2px solid transparent",
        "borderRadius": "20px",
        "display": "inline-block",
      }
    }
  >
    <div
      style={
        Object {
          "backgroundColor": "#efd275",
          "borderRadius": "15px",
          "height": "29px",
          "margin": "3px",
          "width": "29px",
        }
      }
    />
  </div>
  <div
    key="1-color-neutral"
    onClick={[Function]}
    style={
      Object {
        "border": "2px solid transparent",
        "borderRadius": "20px",
        "display": "inline-block",
      }
    }
  >
    <div
      style={
        Object {
          "backgroundColor": "#f1e0b5",
          "borderRadius": "15px",
          "height": "29px",
          "margin": "3px",
          "width": "29px",
        }
      }
    />
  </div>
  <div
    key="1-color-cold"
    onClick={[Function]}
    style={
      Object {
        "border": "2px solid transparent",
        "borderRadius": "20px",
        "display": "inline-block",
      }
    }
  >
    <div
      style={
        Object {
          "backgroundColor": "#f5faf6",
          "borderRadius": "15px",
          "height": "29px",
          "margin": "3px",
          "width": "29px",
        }
      }
    />
  </div>
</div>
`;

exports[`ColorSwitcher should render the white-spectrum switcher correctly when warm is active 1`] = `
<div
  style={
    Object {
      "fontSize": 0,
    }
  }
>
  <div
    key="1-color-warm"
    onClick={[Function]}
    style={
      Object {
        "border": "2px solid transparent",
        "borderRadius": "20px",
        "display": "inline-block",
      }
    }
  >
    <div
      style={
        Object {
          "backgroundColor": "#efd275",
          "borderRadius": "15px",
          "height": "29px",
          "margin": "3px",
          "width": "29px",
        }
      }
    />
  </div>
  <div
    key="1-color-neutral"
    onClick={[Function]}
    style={
      Object {
        "border": "2px solid transparent",
        "borderRadius": "20px",
        "display": "inline-block",
      }
    }
  >
    <div
      style={
        Object {
          "backgroundColor": "#f1e0b5",
          "borderRadius": "15px",
          "height": "29px",
          "margin": "3px",
          "width": "29px",
        }
      }
    />
  </div>
  <div
    key="1-color-cold"
    onClick={[Function]}
    style={
      Object {
        "border": "2px solid transparent",
        "borderRadius": "20px",
        "display": "inline-block",
      }
    }
  >
    <div
      style={
        Object {
          "backgroundColor": "#f5faf6",
          "borderRadius": "15px",
          "height": "29px",
          "margin": "3px",
          "width": "29px",
        }
      }
    />
  </div>
</div>
`;
