// Jest Snapshot v1, https://goo.gl/fbAQLP

exports[`Light should render correctly 1`] = `
<div
  className="device_n9mjiu-o_O-light_1c3yuai-o_O-off_1x9dv6u light neutral"
>
  <Connect(Title)
    deviceId={65537}
    title="Decke"
  />
  <Connect(Switch)
    color="neutral"
    deviceId={65537}
    state={0}
  />
</div>
`;
