// Jest Snapshot v1, https://goo.gl/fbAQLP

exports[`Title should go into edit mode on click 1`] = `
<div>
  <input
    defaultValue="test"
    style={
      Object {
        "width": 110,
      }
    }
    type="text"
  />
  <button
    onClick={[Function]}
  >
    OK
  </button>
</div>
`;

exports[`Title should render correctly 1`] = `
<span
  className="title_xi2qeq"
  onClick={[Function]}
>
  test
</span>
`;
