// Jest Snapshot v1, https://goo.gl/fbAQLP

exports[`Tradfri should render correctly 1`] = `
<div
  className="section_3hmsj"
>
  <h2>
    test
  </h2>
  <div
    className="sectionBody_1joc06t"
  >
    <Connect(LightGroup)
      deviceIds={
        Array [
          65603,
          65537,
          65602,
        ]
      }
      id={131092}
      key="131092"
      name="Office"
    />
  </div>
</div>
`;
