// Jest Snapshot v1, https://goo.gl/fbAQLP

exports[`LightGroup should render correctly 1`] = `
<div
  className="lightGroup"
  style={
    Object {
      "display": "inline-block",
    }
  }
>
  <h3
    className="name"
    onClick={[Function]}
  >
    Test Group
  </h3>
  <Connect(Light)
    id={65537}
    key="Decke"
  />
</div>
`;
